{"status": "ok", "data": {"knowledge_home": "C:/knowledge-home", "data_dir": "C:\\knowledge-home\\data\\docs", "embedding": {"name": "bge-small-zh", "status": "ready"}, "vector_store": {"chunks": 10, "sources": 1, "status": "ready"}, "llm": {"name": "deepseek-chat", "status": "ready"}, "bm25": "ready", "mcp": "stopped", "overall": "ok", "graph_nodes": 0, "components": {"embedding": {"state": "ready", "detail": "bge-small-zh"}, "llm": {"state": "ready", "detail": "deepseek-chat"}, "vector_store": {"state": "ready", "detail": "10 chunks · 1 来源"}, "bm25": {"state": "ready", "detail": "磁盘缓存就绪"}, "graph": {"state": "pending", "detail": "未构建"}, "agent": {"state": "pending", "detail": "会话时按需加载"}, "index": {"state": "pending", "detail": "无活动任务"}}}}
